Microchip MPLAB XC8 Compiler V1.45 ()

Linker command line:

--edf=/opt/microchip/xc8/v1.45/dat/en_msgs.txt -cs \
  -h+dist/default/production/P0112-bordaBotaoPulsador.X.production.sym \
  --cmf=dist/default/production/P0112-bordaBotaoPulsador.X.production.cmf \
  -z -Q16F887 -o/tmp/xcXJoRFMr \
  -Mdist/default/production/P0112-bordaBotaoPulsador.X.production.map -E1 \
  -ver=XC8 -ASTACK=0110h-016fh -pstack=STACK -ACODE=00h-07FFhx4 \
  -ASTRCODE=00h-01FFFh -ASTRING=00h-0FFhx32 -ACONST=00h-0FFhx32 \
  -AENTRY=00h-0FFhx32 -ACOMMON=070h-07Fh -ABANK0=020h-06Fh \
  -ABANK1=0A0h-0EFh -ABANK2=0110h-016Fh -ABANK3=0190h-01EFh \
  -ARAM=020h-06Fh,0A0h-0EFh,0110h-016Fh,0190h-01EFh \
  -AABS1=020h-07Fh,0A0h-0EFh,0110h-016Fh,0190h-01EFh -ASFR0=00h-01Fh \
  -ASFR1=080h-09Fh -ASFR2=0100h-010Fh -ASFR3=0180h-018Fh \
  -preset_vec=00h,intentry,init,end_init -ppowerup=CODE -pcinit=CODE \
  -pfunctab=ENTRY -ACONFIG=02007h-02008h -pconfig=CONFIG -DCONFIG=2 \
  -AIDLOC=02000h-02003h -pidloc=IDLOC -DIDLOC=2 -AEEDATA=00h-0FFh/02100h \
  -peeprom_data=EEDATA -DEEDATA=2 -DCODE=2 -DSTRCODE=2 -DSTRING=2 -DCONST=2 \
  -DENTRY=2 -k /tmp/xcXUSbmUH.obj \
  dist/default/production/P0112-bordaBotaoPulsador.X.production.obj 

Object code version is 3.11

Machine type is 16F887



                Name                               Link     Load   Length Selector   Space Scale
/tmp/xcXUSbmUH.obj
                end_init                              0        0        3        0       0
                config                             2007     2007        1     400E       0
dist/default/production/P0112-bordaBotaoPulsador.X.production.obj
                cinit                               7ED      7ED       13      FDA       0
                text8                               62B      62B       14      C56       0
                text7                               63F      63F       14      C7E       0
                text6                               5F3      5F3        5      BE6       0
                text5                               6DB      6DB       59      DB6       0
                text4                               68E      68E       4D      D1C       0
                text3                               734      734       59      E68       0
                text2                               619      619       12      C32       0
                text1                               653      653       3B      CA6       0
                maintext                            78D      78D       60      F1A       0
                cstackBANK0                          30       30        C       20       1
                cstackCOMMON                         70       70        E       70       1
                inittext                            608      608       11      C10       0
                dataBANK0                            20       20       10       20       1
                bssBANK0                             3C       3C        3       20       1
                idataBANK0                          5F8      5F8       10      BF0       0

TOTAL           Name                               Link     Load   Length     Space
        CLASS   STACK          

        CLASS   CODE           
                end_init                              0        0        3         0
                cinit                               7ED      7ED       13         0
                text8                               62B      62B       14         0
                text7                               63F      63F       14         0
                text6                               5F3      5F3        5         0
                text5                               6DB      6DB       59         0
                text4                               68E      68E       4D         0
                text3                               734      734       59         0
                text2                               619      619       12         0
                text1                               653      653       3B         0
                maintext                            78D      78D       60         0
                inittext                            608      608       11         0
                idataBANK0                          5F8      5F8       10         0

        CLASS   STRCODE        

        CLASS   STRING         

        CLASS   CONST          

        CLASS   ENTRY          

        CLASS   COMMON         
                cstackCOMMON                         70       70        E         1

        CLASS   BANK0          
                cstackBANK0                          30       30        C         1
                dataBANK0                            20       20       10         1
                bssBANK0                             3C       3C        3         1

        CLASS   BANK1          

        CLASS   BANK2          

        CLASS   BANK3          

        CLASS   RAM            

        CLASS   ABS1           
                abs_s1                               7E       7E        2         1

        CLASS   SFR0           

        CLASS   SFR1           

        CLASS   SFR2           

        CLASS   SFR3           

        CLASS   CONFIG         
                config                             2007     2007        1         0

        CLASS   IDLOC          

        CLASS   EEDATA         



SEGMENTS        Name                           Load    Length   Top    Selector   Space  Class     Delta

                reset_vec                      000000  000003  000003         0       0  CODE        2
                dataBANK0                      000020  00001F  00003F        20       1  BANK0       1
                cstackCOMMON                   000070  00000E  00007E        70       1  COMMON      1
                text6                          0005F3  000005  0005F8       BE6       0  CODE        2
                idataBANK0                     0005F8  000010  000608       BF0       0  CODE        2
                inittext                       000608  000011  000619       C10       0  CODE        2
                text2                          000619  000012  00062B       C32       0  CODE        2
                text8                          00062B  000014  00063F       C56       0  CODE        2
                text7                          00063F  000014  000653       C7E       0  CODE        2
                text1                          000653  00003B  00068E       CA6       0  CODE        2
                text4                          00068E  00004D  0006DB       D1C       0  CODE        2
                text5                          0006DB  000059  000734       DB6       0  CODE        2
                text3                          000734  000059  00078D       E68       0  CODE        2
                maintext                       00078D  000060  0007ED       F1A       0  CODE        2
                cinit                          0007ED  000013  000800       FDA       0  CODE        2
                config                         002007  000001  002008      400E       0  CONFIG      2


UNUSED ADDRESS RANGES

        Name                Unused          Largest block    Delta
        BANK0            003F-006F             31           1
        BANK1            00A0-00EF             50           1
        BANK2            0110-016F             60           1
        BANK3            0190-01EF             60           1
        CODE             0003-05F2            5F0           2
                         0800-1FFF            800
        CONFIG           2008-2008              1           2
        CONST            0003-05F2            100           2
                         0800-1FFF            100
        EEDATA           2100-21FF            100           2
        ENTRY            0003-05F2            100           2
                         0800-1FFF            100
        IDLOC            2000-2003              4           2
        RAM              003F-006F             31           1
                         00A0-00EF             50
                         0110-016F             60
                         0190-01EF             60
        SFR0             0000-001F             20           1
        SFR1             0080-009F             20           1
        SFR2             0100-010F             10           1
        SFR3             0180-018F             10           1
        STACK            0110-016F             60           1
        STRCODE          0003-05F2            5F0           2
                         0800-1FFF           1800
        STRING           0003-05F2            100           2
                         0800-1FFF            100

                                  Symbol Table

?___awdiv                 cstackCOMMON 0070
?___awmod                 cstackCOMMON 0079
_ANSELH                   (abs)        0189
_PORTB                    (abs)        0006
_PORTBbits                (abs)        0006
_PORTDbits                (abs)        0008
_TRISB                    (abs)        0086
_TRISDbits                (abs)        0088
__CFG_FOSC$INTRC_NOCLKOUT (abs)        0000
__CFG_LVP$OFF             (abs)        0000
__CFG_MCLRE$OFF           (abs)        0000
__CFG_WDTE$OFF            (abs)        0000
__Habs1                   abs1         0000
__Hbank0                  bank0        0000
__Hbank1                  bank1        0000
__Hbank2                  bank2        0000
__Hbank3                  bank3        0000
__HbssBANK0               bssBANK0     0000
__Hcinit                  cinit        0800
__Hclrtext                clrtext      0000
__Hcode                   code         0000
__Hcommon                 common       0000
__Hconfig                 config       2008
__HcstackBANK0            cstackBANK0  0000
__HcstackCOMMON           cstackCOMMON 0000
__HdataBANK0              dataBANK0    0000
__Heeprom_data            eeprom_data  0000
__Hend_init               end_init     0003
__Hfunctab                functab      0000
__HidataBANK0             idataBANK0   0000
__Hidloc                  idloc        0000
__Hinit                   init         0000
__Hinittext               inittext     0000
__Hintentry               intentry     0000
__Hmaintext               maintext     0000
__Hpowerup                powerup      0000
__Hram                    ram          0000
__Hreset_vec              reset_vec    0000
__Hsfr0                   sfr0         0000
__Hsfr1                   sfr1         0000
__Hsfr2                   sfr2         0000
__Hsfr3                   sfr3         0000
__Hspace_0                (abs)        2008
__Hspace_1                (abs)        007E
__Hspace_2                (abs)        0000
__Hspace_3                (abs)        0000
__Hstack                  stack        0000
__Hstrings                strings      0000
__Htext                   text         0000
__Labs1                   abs1         0000
__Lbank0                  bank0        0000
__Lbank1                  bank1        0000
__Lbank2                  bank2        0000
__Lbank3                  bank3        0000
__LbssBANK0               bssBANK0     0000
__Lcinit                  cinit        07ED
__Lclrtext                clrtext      0000
__Lcode                   code         0000
__Lcommon                 common       0000
__Lconfig                 config       2007
__LcstackBANK0            cstackBANK0  0000
__LcstackCOMMON           cstackCOMMON 0000
__LdataBANK0              dataBANK0    0000
__Leeprom_data            eeprom_data  0000
__Lend_init               end_init     0000
__Lfunctab                functab      0000
__LidataBANK0             idataBANK0   0000
__Lidloc                  idloc        0000
__Linit                   init         0000
__Linittext               inittext     0000
__Lintentry               intentry     0000
__Lmaintext               maintext     0000
__Lpowerup                powerup      0000
__Lram                    ram          0000
__Lreset_vec              reset_vec    0000
__Lsfr0                   sfr0         0000
__Lsfr1                   sfr1         0000
__Lsfr2                   sfr2         0000
__Lsfr3                   sfr3         0000
__Lspace_0                (abs)        0000
__Lspace_1                (abs)        0000
__Lspace_2                (abs)        0000
__Lspace_3                (abs)        0000
__Lstack                  stack        0000
__Lstrings                strings      0000
__Ltext                   text         0000
__S0                      (abs)        2008
__S1                      (abs)        007E
__S2                      (abs)        0000
__S3                      (abs)        0000
___awdiv                  text5        06DB
___awdiv@counter          cstackCOMMON 0075
___awdiv@dividend         cstackCOMMON 0072
___awdiv@divisor          cstackCOMMON 0070
___awdiv@quotient         cstackCOMMON 0077
___awdiv@sign             cstackCOMMON 0076
___awmod                  text4        068E
___awmod@counter          cstackBANK0  0030
___awmod@dividend         cstackCOMMON 007B
___awmod@divisor          cstackCOMMON 0079
___awmod@sign             cstackBANK0  0031
___int_sp                 stack        0000
___latbits                (abs)        0002
___sp                     stack        0000
__end_of___awdiv          text5        0734
__end_of___awmod          text4        06DB
__end_of__initialization  cinit        07FC
__end_of_b0_bordaDescida  text8        063F
__end_of_b1_bordaSubida   text7        0653
__end_of_botao_init       text6        05F8
__end_of_delay            text2        062B
__end_of_disp7segX2       text3        078D
__end_of_disp7segX2_init  text1        068E
__end_of_main             maintext     07ED
__initialization          cinit        07ED
__pbssBANK0               bssBANK0     003C
__pcstackBANK0            cstackBANK0  0030
__pcstackCOMMON           cstackCOMMON 0070
__pdataBANK0              dataBANK0    0020
__pidataBANK0             idataBANK0   05F8
__pmaintext               maintext     078D
__ptext1                  text1        0653
__ptext2                  text2        0619
__ptext3                  text3        0734
__ptext4                  text4        068E
__ptext5                  text5        06DB
__ptext6                  text6        05F3
__ptext7                  text7        063F
__ptext8                  text8        062B
__size_of___awdiv         (abs)        0000
__size_of___awmod         (abs)        0000
__size_of_b0_bordaDescida (abs)        0000
__size_of_b1_bordaSubida  (abs)        0000
__size_of_botao_init      (abs)        0000
__size_of_delay           (abs)        0000
__size_of_disp7segX2      (abs)        0000
__size_of_disp7segX2_init (abs)        0000
__size_of_main            (abs)        0000
_b0Anterior               bssBANK0     003E
_b0_bordaDescida          text8        062B
_b0_bordaDescida$114      cstackCOMMON 0072
_b1Anterior               bssBANK0     003D
_b1_bordaSubida           text7        063F
_b1_bordaSubida$122       cstackCOMMON 0072
_botao_init               text6        05F3
_delay                    text2        0619
_digitos7seg              dataBANK0    0020
_disp7segX2               text3        0734
_disp7segX2_init          text1        0653
_main                     maintext     078D
_main$188                 cstackBANK0  0039
_posicao                  bssBANK0     003C
b0_bordaDescida@aux       cstackCOMMON 0071
b1_bordaSubida@aux        cstackCOMMON 0071
btemp                     (abs)        007E
delay@t                   cstackCOMMON 0070
disp7segX2@num            cstackBANK0  0034
end_of_initialization     cinit        07FC
init_fetch0               inittext     0608
init_ram0                 inittext     060C
intlevel0                 functab      0000
intlevel1                 functab      0000
intlevel2                 functab      0000
intlevel3                 functab      0000
intlevel4                 functab      0000
intlevel5                 functab      0000
main@num                  cstackBANK0  003B
reset_vec                 reset_vec    0000
stackhi                   (abs)        0000
stacklo                   (abs)        0000
start                     init         0000
start_initialization      cinit        07ED
wtemp0                    (abs)        007E


FUNCTION INFORMATION:

 *************** function _main *****************
 Defined at:
		line 31 in file "main.c"
 Parameters:    Size  Location     Type
		None
 Auto vars:     Size  Location     Type
  num             1   11[BANK0 ] unsigned char 
 Return value:  Size  Location     Type
                  1    wreg      void 
 Registers used:
		wreg, fsr0l, fsr0h, status,2, status,0, pclath, cstack
 Tracked objects:
		On entry : 
		On exit  : 
		Unchanged: 
 Data sizes:     COMMON   BANK0   BANK1   BANK3   BANK2
      Params:         0       0       0       0       0
      Locals:         0       3       0       0       0
      Temps:          0       4       0       0       0
      Totals:         0       7       0       0       0
Total ram usage:        7 bytes
 Hardware stack levels required when called:    2
 This function calls:
		___awmod
		_b0_bordaDescida
		_b1_bordaSubida
		_botao_init
		_delay
		_disp7segX2
		_disp7segX2_init
 This function is called by:
		Startup code after reset
 This function uses a non-reentrant model


 *************** function _disp7segX2_init *****************
 Defined at:
		line 41 in file "disp7seg.c"
 Parameters:    Size  Location     Type
		None
 Auto vars:     Size  Location     Type
		None
 Return value:  Size  Location     Type
                  1    wreg      void 
 Registers used:
		wreg, status,2, status,0, pclath, cstack
 Tracked objects:
		On entry : 
		On exit  : 
		Unchanged: 
 Data sizes:     COMMON   BANK0   BANK1   BANK3   BANK2
      Params:         0       0       0       0       0
      Locals:         0       0       0       0       0
      Temps:          0       0       0       0       0
      Totals:         0       0       0       0       0
Total ram usage:        0 bytes
 Hardware stack levels used:    1
 Hardware stack levels required when called:    1
 This function calls:
		_delay
 This function is called by:
		_main
 This function uses a non-reentrant model


 *************** function _delay *****************
 Defined at:
		line 10 in file "delay.c"
 Parameters:    Size  Location     Type
  t               2    0[COMMON] unsigned int 
 Auto vars:     Size  Location     Type
		None
 Return value:  Size  Location     Type
                  1    wreg      void 
 Registers used:
		wreg, status,2, status,0
 Tracked objects:
		On entry : 
		On exit  : 
		Unchanged: 
 Data sizes:     COMMON   BANK0   BANK1   BANK3   BANK2
      Params:         2       0       0       0       0
      Locals:         0       0       0       0       0
      Temps:          1       0       0       0       0
      Totals:         3       0       0       0       0
Total ram usage:        3 bytes
 Hardware stack levels used:    1
 This function calls:
		Nothing
 This function is called by:
		_disp7segX2_init
		_main
 This function uses a non-reentrant model


 *************** function _disp7segX2 *****************
 Defined at:
		line 57 in file "disp7seg.c"
 Parameters:    Size  Location     Type
  num             1    wreg     unsigned char 
 Auto vars:     Size  Location     Type
  num             1    4[BANK0 ] unsigned char 
 Return value:  Size  Location     Type
                  1    wreg      void 
 Registers used:
		wreg, fsr0l, fsr0h, status,2, status,0, pclath, cstack
 Tracked objects:
		On entry : 
		On exit  : 
		Unchanged: 
 Data sizes:     COMMON   BANK0   BANK1   BANK3   BANK2
      Params:         0       0       0       0       0
      Locals:         0       1       0       0       0
      Temps:          0       2       0       0       0
      Totals:         0       3       0       0       0
Total ram usage:        3 bytes
 Hardware stack levels used:    1
 Hardware stack levels required when called:    1
 This function calls:
		___awdiv
		___awmod
 This function is called by:
		_main
 This function uses a non-reentrant model


 *************** function ___awmod *****************
 Defined at:
		line 6 in file "/opt/microchip/xc8/v1.45/sources/common/awmod.c"
 Parameters:    Size  Location     Type
  divisor         2    9[COMMON] int 
  dividend        2   11[COMMON] int 
 Auto vars:     Size  Location     Type
  sign            1    1[BANK0 ] unsigned char 
  counter         1    0[BANK0 ] unsigned char 
 Return value:  Size  Location     Type
                  2    9[COMMON] int 
 Registers used:
		wreg, status,2, status,0
 Tracked objects:
		On entry : 
		On exit  : 
		Unchanged: 
 Data sizes:     COMMON   BANK0   BANK1   BANK3   BANK2
      Params:         4       0       0       0       0
      Locals:         0       2       0       0       0
      Temps:          1       0       0       0       0
      Totals:         5       2       0       0       0
Total ram usage:        7 bytes
 Hardware stack levels used:    1
 This function calls:
		Nothing
 This function is called by:
		_disp7segX2
		_main
 This function uses a non-reentrant model


 *************** function ___awdiv *****************
 Defined at:
		line 6 in file "/opt/microchip/xc8/v1.45/sources/common/awdiv.c"
 Parameters:    Size  Location     Type
  divisor         2    0[COMMON] int 
  dividend        2    2[COMMON] int 
 Auto vars:     Size  Location     Type
  quotient        2    7[COMMON] int 
  sign            1    6[COMMON] unsigned char 
  counter         1    5[COMMON] unsigned char 
 Return value:  Size  Location     Type
                  2    0[COMMON] int 
 Registers used:
		wreg, status,2, status,0
 Tracked objects:
		On entry : 
		On exit  : 
		Unchanged: 
 Data sizes:     COMMON   BANK0   BANK1   BANK3   BANK2
      Params:         4       0       0       0       0
      Locals:         4       0       0       0       0
      Temps:          1       0       0       0       0
      Totals:         9       0       0       0       0
Total ram usage:        9 bytes
 Hardware stack levels used:    1
 This function calls:
		Nothing
 This function is called by:
		_disp7segX2
 This function uses a non-reentrant model


 *************** function _botao_init *****************
 Defined at:
		line 22 in file "botao.c"
 Parameters:    Size  Location     Type
		None
 Auto vars:     Size  Location     Type
		None
 Return value:  Size  Location     Type
                  1    wreg      void 
 Registers used:
		None
 Tracked objects:
		On entry : 
		On exit  : 
		Unchanged: 
 Data sizes:     COMMON   BANK0   BANK1   BANK3   BANK2
      Params:         0       0       0       0       0
      Locals:         0       0       0       0       0
      Temps:          0       0       0       0       0
      Totals:         0       0       0       0       0
Total ram usage:        0 bytes
 Hardware stack levels used:    1
 This function calls:
		Nothing
 This function is called by:
		_main
 This function uses a non-reentrant model


 *************** function _b1_bordaSubida *****************
 Defined at:
		line 75 in file "botao.c"
 Parameters:    Size  Location     Type
		None
 Auto vars:     Size  Location     Type
  aux             1    1[COMMON] unsigned char 
 Return value:  Size  Location     Type
                  1    wreg      unsigned char 
 Registers used:
		wreg, status,2, status,0
 Tracked objects:
		On entry : 
		On exit  : 
		Unchanged: 
 Data sizes:     COMMON   BANK0   BANK1   BANK3   BANK2
      Params:         0       0       0       0       0
      Locals:         2       0       0       0       0
      Temps:          1       0       0       0       0
      Totals:         3       0       0       0       0
Total ram usage:        3 bytes
 Hardware stack levels used:    1
 This function calls:
		Nothing
 This function is called by:
		_main
 This function uses a non-reentrant model


 *************** function _b0_bordaDescida *****************
 Defined at:
		line 46 in file "botao.c"
 Parameters:    Size  Location     Type
		None
 Auto vars:     Size  Location     Type
  aux             1    1[COMMON] unsigned char 
 Return value:  Size  Location     Type
                  1    wreg      unsigned char 
 Registers used:
		wreg, status,2, status,0
 Tracked objects:
		On entry : 
		On exit  : 
		Unchanged: 
 Data sizes:     COMMON   BANK0   BANK1   BANK3   BANK2
      Params:         0       0       0       0       0
      Locals:         2       0       0       0       0
      Temps:          1       0       0       0       0
      Totals:         3       0       0       0       0
Total ram usage:        3 bytes
 Hardware stack levels used:    1
 This function calls:
		Nothing
 This function is called by:
		_main
 This function uses a non-reentrant model



MODULE INFORMATION

Module		Function		Class		Link	Load	Size
delay.c
		_delay         		CODE           	0619	0000	19

delay.c estimated size: 19

/opt/microchip/xc8/v1.45/sources/common/awmod.c
		___awmod       		CODE           	068E	0000	78

/opt/microchip/xc8/v1.45/sources/common/awmod.c estimated size: 78

shared
		__initialization		CODE           	07ED	0000	16

shared estimated size: 16

/opt/microchip/xc8/v1.45/sources/common/awdiv.c
		___awdiv       		CODE           	06DB	0000	90

/opt/microchip/xc8/v1.45/sources/common/awdiv.c estimated size: 90

disp7seg.c
		_disp7segX2_init		CODE           	0653	0000	60
		_disp7segX2    		CODE           	0734	0000	90

disp7seg.c estimated size: 150

botao.c
		_b1_bordaSubida		CODE           	063F	0000	21
		_b0_bordaDescida		CODE           	062B	0000	21
		_botao_init    		CODE           	05F3	0000	6

botao.c estimated size: 48

main.c
		_main          		CODE           	078D	0000	97

main.c estimated size: 97

